2026-05-19 14:59:10 | DEBUG    | bot.client | BinanceFuturesClient initialised (testnet).
2026-05-19 14:59:10 | INFO     | __main__ | Dispatching order | symbol=BTCUSDT side=BUY type=MARKET qty=0.001
2026-05-19 14:59:10 | INFO     | bot.client | Placing order: {'symbol': 'BTCUSDT', 'side': 'BUY', 'type': 'MARKET', 'quantity': '0.001'}
2026-05-19 14:59:10 | DEBUG    | bot.client | REQUEST  method=POST url=https://testnet.binancefuture.com/fapi/v1/order params={'symbol': 'BTCUSDT', 'side': 'BUY', 'type': 'MARKET', 'quantity': '0.001', 'timestamp': 1779182950018}
2026-05-19 14:59:10 | DEBUG    | urllib3.connectionpool | Starting new HTTPS connection (1): testnet.binancefuture.com:443
2026-05-19 14:59:10 | DEBUG    | urllib3.connectionpool | https://testnet.binancefuture.com:443 "POST /fapi/v1/order HTTP/1.1" 400 88
2026-05-19 14:59:10 | DEBUG    | bot.client | RESPONSE status=400 body={"code":-1021,"msg":"Timestamp for this request was 1000ms ahead of the server's time."}
2026-05-19 14:59:10 | ERROR    | bot.orders | Market order FAILED | [HTTP 400] Binance error -1021: Timestamp for this request was 1000ms ahead of the server's time.
2026-05-19 15:07:20 | DEBUG    | bot.client | BinanceFuturesClient initialised (testnet).
2026-05-19 15:07:20 | INFO     | __main__ | Dispatching order | symbol=BTCUSDT side=BUY type=MARKET qty=0.001
2026-05-19 15:07:20 | INFO     | bot.client | Placing order: {'symbol': 'BTCUSDT', 'side': 'BUY', 'type': 'MARKET', 'quantity': '0.001'}
2026-05-19 15:07:20 | DEBUG    | bot.client | REQUEST  method=POST url=https://testnet.binancefuture.com/fapi/v1/order params={'symbol': 'BTCUSDT', 'side': 'BUY', 'type': 'MARKET', 'quantity': '0.001', 'timestamp': 1779183440003}
2026-05-19 15:07:20 | DEBUG    | urllib3.connectionpool | Starting new HTTPS connection (1): testnet.binancefuture.com:443
2026-05-19 15:07:20 | DEBUG    | urllib3.connectionpool | https://testnet.binancefuture.com:443 "POST /fapi/v1/order HTTP/1.1" 400 88
2026-05-19 15:07:20 | DEBUG    | bot.client | RESPONSE status=400 body={"code":-1021,"msg":"Timestamp for this request was 1000ms ahead of the server's time."}
2026-05-19 15:07:20 | ERROR    | bot.orders | Market order FAILED | [HTTP 400] Binance error -1021: Timestamp for this request was 1000ms ahead of the server's time.
2026-05-19 15:11:08 | DEBUG    | bot.client | BinanceFuturesClient initialised (testnet).
2026-05-19 15:11:08 | INFO     | __main__ | Dispatching order | symbol=BTCUSDT side=BUY type=MARKET qty=0.001
2026-05-19 15:11:08 | INFO     | bot.client | Placing order: {'symbol': 'BTCUSDT', 'side': 'BUY', 'type': 'MARKET', 'quantity': '0.001'}
2026-05-19 15:11:08 | DEBUG    | urllib3.connectionpool | Starting new HTTPS connection (1): testnet.binancefuture.com:443
2026-05-19 15:11:08 | DEBUG    | urllib3.connectionpool | https://testnet.binancefuture.com:443 "GET /fapi/v1/time HTTP/1.1" 200 28
2026-05-19 15:11:08 | DEBUG    | bot.client | REQUEST  method=POST url=https://testnet.binancefuture.com/fapi/v1/order params={'symbol': 'BTCUSDT', 'side': 'BUY', 'type': 'MARKET', 'quantity': '0.001', 'timestamp': 1779183666323}
2026-05-19 15:11:08 | DEBUG    | urllib3.connectionpool | https://testnet.binancefuture.com:443 "POST /fapi/v1/order HTTP/1.1" 200 None
2026-05-19 15:11:08 | DEBUG    | bot.client | RESPONSE status=200 body={"orderId":13161593710,"symbol":"BTCUSDT","status":"NEW","clientOrderId":"Y0srgQJfrGDmmJEEOThJxF","price":"0.00","avgPrice":"0.00","origQty":"0.0010","executedQty":"0.0000","cumQty":"0.0000","cumQuote":"0.000000","timeInForce":"GTC","type":"MARKET","reduceOnly":false,"closePosition":false,"side":"BUY","positionSide":"BOTH","stopPrice":"0.00","workingType":"CONTRACT_PRICE","priceProtect":false,"origType":"MARKET","priceMatch":"NONE","selfTradePreventionMode":"EXPIRE_MAKER","goodTillDate":0,"updat
2026-05-19 15:11:08 | INFO     | bot.orders | Market order SUCCESS | orderId=13161593710 status=NEW executedQty=0.0000
2026-05-19 15:11:55 | DEBUG    | bot.client | BinanceFuturesClient initialised (testnet).
2026-05-19 15:11:55 | INFO     | __main__ | Dispatching order | symbol=BTCUSDT side=BUY type=LIMIT qty=0.001
2026-05-19 15:11:55 | INFO     | bot.client | Placing order: {'symbol': 'BTCUSDT', 'side': 'BUY', 'type': 'LIMIT', 'quantity': '0.001', 'price': '50000', 'timeInForce': 'GTC'}
2026-05-19 15:11:55 | DEBUG    | urllib3.connectionpool | Starting new HTTPS connection (1): testnet.binancefuture.com:443
2026-05-19 15:11:56 | DEBUG    | urllib3.connectionpool | https://testnet.binancefuture.com:443 "GET /fapi/v1/time HTTP/1.1" 200 28
2026-05-19 15:11:56 | DEBUG    | bot.client | REQUEST  method=POST url=https://testnet.binancefuture.com/fapi/v1/order params={'symbol': 'BTCUSDT', 'side': 'BUY', 'type': 'LIMIT', 'quantity': '0.001', 'price': '50000', 'timeInForce': 'GTC', 'timestamp': 1779183713846}
2026-05-19 15:11:56 | DEBUG    | urllib3.connectionpool | https://testnet.binancefuture.com:443 "POST /fapi/v1/order HTTP/1.1" 200 None
2026-05-19 15:11:56 | DEBUG    | bot.client | RESPONSE status=200 body={"orderId":13161597501,"symbol":"BTCUSDT","status":"NEW","clientOrderId":"nb6nYpHMUCPyL1YmrNOGMw","price":"50000.00","avgPrice":"0.00","origQty":"0.0010","executedQty":"0.0000","cumQty":"0.0000","cumQuote":"0.000000","timeInForce":"GTC","type":"LIMIT","reduceOnly":false,"closePosition":false,"side":"BUY","positionSide":"BOTH","stopPrice":"0.00","workingType":"CONTRACT_PRICE","priceProtect":false,"origType":"LIMIT","priceMatch":"NONE","selfTradePreventionMode":"EXPIRE_MAKER","goodTillDate":0,"upd
2026-05-19 15:11:56 | INFO     | bot.orders | Limit order SUCCESS | orderId=13161597501 status=NEW price=50000.00
2026-05-19 15:13:14 | DEBUG    | bot.client | BinanceFuturesClient initialised (testnet).
2026-05-19 15:13:14 | ERROR    | __main__ | Validation error: Price is required for LIMIT orders.
2026-05-19 15:14:50 | DEBUG    | bot.client | BinanceFuturesClient initialised (testnet).
2026-05-19 15:14:50 | INFO     | __main__ | Dispatching order | symbol=BTCUSDT side=SELL type=STOP_MARKET qty=0.001
2026-05-19 15:14:50 | INFO     | bot.client | Placing order: {'symbol': 'BTCUSDT', 'side': 'SELL', 'type': 'STOP_MARKET', 'quantity': '0.001', 'stopPrice': '80000'}
2026-05-19 15:14:50 | DEBUG    | urllib3.connectionpool | Starting new HTTPS connection (1): testnet.binancefuture.com:443
2026-05-19 15:14:51 | DEBUG    | urllib3.connectionpool | https://testnet.binancefuture.com:443 "GET /fapi/v1/time HTTP/1.1" 200 28
2026-05-19 15:14:51 | DEBUG    | bot.client | REQUEST  method=POST url=https://testnet.binancefuture.com/fapi/v1/order params={'symbol': 'BTCUSDT', 'side': 'SELL', 'type': 'STOP_MARKET', 'quantity': '0.001', 'stopPrice': '80000', 'timestamp': 1779183888693}
2026-05-19 15:14:51 | DEBUG    | urllib3.connectionpool | https://testnet.binancefuture.com:443 "POST /fapi/v1/order HTTP/1.1" 400 115
2026-05-19 15:14:51 | DEBUG    | bot.client | RESPONSE status=400 body={"code":-4120,"msg":"Order type not supported for this endpoint. Please use the Algo Order API endpoints instead."}
2026-05-19 15:14:51 | ERROR    | bot.orders | Stop-Market order FAILED | [HTTP 400] Binance error -4120: Order type not supported for this endpoint. Please use the Algo Order API endpoints instead.
2026-05-19 15:15:23 | DEBUG    | bot.client | BinanceFuturesClient initialised (testnet).
2026-05-19 15:15:23 | INFO     | __main__ | Dispatching order | symbol=BTCUSDT side=SELL type=MARKET qty=0.001
2026-05-19 15:15:23 | INFO     | bot.client | Placing order: {'symbol': 'BTCUSDT', 'side': 'SELL', 'type': 'MARKET', 'quantity': '0.001'}
2026-05-19 15:15:23 | DEBUG    | urllib3.connectionpool | Starting new HTTPS connection (1): testnet.binancefuture.com:443
2026-05-19 15:15:24 | DEBUG    | urllib3.connectionpool | https://testnet.binancefuture.com:443 "GET /fapi/v1/time HTTP/1.1" 200 28
2026-05-19 15:15:24 | DEBUG    | bot.client | REQUEST  method=POST url=https://testnet.binancefuture.com/fapi/v1/order params={'symbol': 'BTCUSDT', 'side': 'SELL', 'type': 'MARKET', 'quantity': '0.001', 'timestamp': 1779183921711}
2026-05-19 15:15:24 | DEBUG    | urllib3.connectionpool | https://testnet.binancefuture.com:443 "POST /fapi/v1/order HTTP/1.1" 200 None
2026-05-19 15:15:24 | DEBUG    | bot.client | RESPONSE status=200 body={"orderId":13161614042,"symbol":"BTCUSDT","status":"NEW","clientOrderId":"Ecr9u23CxpW6nuDXzLMdPp","price":"0.00","avgPrice":"0.00","origQty":"0.0010","executedQty":"0.0000","cumQty":"0.0000","cumQuote":"0.000000","timeInForce":"GTC","type":"MARKET","reduceOnly":false,"closePosition":false,"side":"SELL","positionSide":"BOTH","stopPrice":"0.00","workingType":"CONTRACT_PRICE","priceProtect":false,"origType":"MARKET","priceMatch":"NONE","selfTradePreventionMode":"EXPIRE_MAKER","goodTillDate":0,"upda
2026-05-19 15:15:24 | INFO     | bot.orders | Market order SUCCESS | orderId=13161614042 status=NEW executedQty=0.0000
